// Jest Snapshot v1, https://goo.gl/fbAQLP

exports[`Components - SearchBar should render correctly 1`] = `
<div>
  <nav
    class="css-tj372l"
  >
    <div
      class="css-ma7oqm"
    >
      <span
        class="css-1e6ma0l"
      >
        <a
          href="/"
          style="margin-right: 1rem; line-height: 0;"
        >
          <span
            style="box-sizing: border-box; display: inline-block; overflow: hidden; background: none; opacity: 1; border: 0px; margin: 0px; padding: 0px; position: relative; max-width: 100%;"
          >
            <span
              style="box-sizing: border-box; display: block; background: none; opacity: 1; border: 0px; margin: 0px; padding: 0px; max-width: 100%;"
            >
              <img
                alt=""
                aria-hidden="true"
                src="data:image/svg+xml,%3csvg%20xmlns=%27http://www.w3.org/2000/svg%27%20version=%271.1%27%20width=%2750%27%20height=%2740%27/%3e"
                style="display: block; max-width: 100%; background: none; opacity: 1; border: 0px; margin: 0px; padding: 0px;"
              />
            </span>
            <img
              alt="Mercado Libre Logo"
              data-nimg="intrinsic"
              decoding="async"
              src="data:image/gif;base64,R0lGODlhAQABAIAAAAAAAP///yH5BAEAAAAALAAAAAABAAEAAAIBRAA7"
              style="position: absolute; top: 0px; left: 0px; bottom: 0px; right: 0px; box-sizing: border-box; padding: 0px; margin: auto; display: block; width: 0px; height: 0px; min-width: 100%; max-width: 100%; min-height: 100%; max-height: 100%;"
            />
            <noscript />
          </span>
        </a>
      </span>
      <span
        class="css-1e6ma0l"
      >
        <form
          class="css-2pptk5"
        >
          <input
            class="css-fqgkxc"
            name="search"
            placeholder="Nunca dejes de buscar"
            type="text"
          />
          <button
            class="css-3pg67a"
            role="button"
            type="submit"
          >
            <span
              class="material-symbols-outlined"
            >
              search
            </span>
          </button>
        </form>
      </span>
    </div>
  </nav>
</div>
`;
